\BOOKMARK [1][-]{section.1}{\376\377\225\356\230\230\143\317\217\360}{}% 1
\BOOKMARK [1][-]{section.2}{\376\377\145\160\143\156\226\306}{}% 2
\BOOKMARK [1][-]{section.3}{\376\377\173\227\154\325\213\276\213\241}{}% 3
\BOOKMARK [2][-]{subsection.3.1}{\376\377\000F\000l\000a\000t\000-\000S\000I\000M\000D}{section.3}% 4
\BOOKMARK [3][-]{subsubsection.3.1.1}{\376\377\173\227\154\325\123\237\164\006}{subsection.3.1}% 5
\BOOKMARK [3][-]{subsubsection.3.1.2}{\376\377\000p\000t\000h\000r\000e\000a\000d\000\040\133\236\163\260}{subsection.3.1}% 6
\BOOKMARK [3][-]{subsubsection.3.1.3}{\376\377\000O\000p\000e\000n\000M\000P\000\040\133\236\163\260}{subsection.3.1}% 7
\BOOKMARK [2][-]{subsection.3.2}{\376\377\000P\000Q\000-\000S\000I\000M\000D}{section.3}% 8
\BOOKMARK [3][-]{subsubsection.3.2.1}{\376\377\173\227\154\325\123\237\164\006}{subsection.3.2}% 9
\BOOKMARK [3][-]{subsubsection.3.2.2}{\376\377\000p\000t\000h\000r\000e\000a\000d\000\040\133\236\163\260}{subsection.3.2}% 10
\BOOKMARK [3][-]{subsubsection.3.2.3}{\376\377\000O\000p\000e\000n\000M\000P\000\040\133\236\163\260}{subsection.3.2}% 11
\BOOKMARK [2][-]{subsection.3.3}{\376\377\000I\000V\000F\000-\000S\000I\000M\000D}{section.3}% 12
\BOOKMARK [3][-]{subsubsection.3.3.1}{\376\377\173\227\154\325\123\237\164\006}{subsection.3.3}% 13
\BOOKMARK [3][-]{subsubsection.3.3.2}{\376\377\000p\000t\000h\000r\000e\000a\000d\000\040\133\236\163\260}{subsection.3.3}% 14
\BOOKMARK [3][-]{subsubsection.3.3.3}{\376\377\000O\000p\000e\000n\000M\000P\000\040\133\236\163\260}{subsection.3.3}% 15
\BOOKMARK [2][-]{subsection.3.4}{\376\377\000I\000V\000F\000-\000P\000Q\000-\000S\000I\000M\000D}{section.3}% 16
\BOOKMARK [3][-]{subsubsection.3.4.1}{\376\377\173\227\154\325\123\237\164\006}{subsection.3.4}% 17
\BOOKMARK [3][-]{subsubsection.3.4.2}{\376\377\000p\000t\000h\000r\000e\000a\000d\000\040\133\236\163\260}{subsection.3.4}% 18
\BOOKMARK [2][-]{subsection.3.5}{\376\377\000H\000N\000S\000W\000\040\126\376\175\042\137\025}{section.3}% 19
\BOOKMARK [3][-]{subsubsection.3.5.1}{\376\377\173\227\154\325\123\237\164\006}{subsection.3.5}% 20
\BOOKMARK [3][-]{subsubsection.3.5.2}{\376\377\000p\000t\000h\000r\000e\000a\000d\000\040\133\236\163\260}{subsection.3.5}% 21
\BOOKMARK [3][-]{subsubsection.3.5.3}{\376\377\000O\000p\000e\000n\000M\000P\000\040\133\236\163\260}{subsection.3.5}% 22
\BOOKMARK [1][-]{section.4}{\376\377\133\236\232\214\123\302\145\160\221\115\177\156}{}% 23
\BOOKMARK [2][-]{subsection.4.1}{\376\377\000F\000l\000a\000t\000-\000S\000I\000M\000D}{section.4}% 24
\BOOKMARK [2][-]{subsection.4.2}{\376\377\000P\000Q\000-\000S\000I\000M\000D}{section.4}% 25
\BOOKMARK [2][-]{subsection.4.3}{\376\377\000I\000V\000F\000-\000S\000I\000M\000D}{section.4}% 26
\BOOKMARK [2][-]{subsection.4.4}{\376\377\000I\000V\000F\000-\000P\000Q\000-\000S\000I\000M\000D}{section.4}% 27
\BOOKMARK [2][-]{subsection.4.5}{\376\377\000H\000N\000S\000W}{section.4}% 28
\BOOKMARK [1][-]{section.5}{\376\377\133\236\232\214\176\323\147\234\116\016\122\006\147\220}{}% 29
\BOOKMARK [2][-]{subsection.5.1}{\376\377\000F\000l\000a\000t\000-\000S\000I\000M\000D\000\040\140\047\200\375\122\006\147\220}{section.5}% 30
\BOOKMARK [3][-]{subsubsection.5.1.1}{\376\377\000p\000t\000h\000r\000e\000a\000d\000\040\133\236\163\260\176\323\147\234}{subsection.5.1}% 31
\BOOKMARK [3][-]{subsubsection.5.1.2}{\376\377\000O\000p\000e\000n\000M\000P\000\040\133\236\163\260\176\323\147\234}{subsection.5.1}% 32
\BOOKMARK [2][-]{subsection.5.2}{\376\377\000P\000Q\000-\000S\000I\000M\000D\000\040\140\047\200\375\122\006\147\220}{section.5}% 33
\BOOKMARK [3][-]{subsubsection.5.2.1}{\376\377\000p\000t\000h\000r\000e\000a\000d\000\040\133\236\163\260\176\323\147\234}{subsection.5.2}% 34
\BOOKMARK [2][-]{subsection.5.3}{\376\377\000I\000V\000F\000-\000S\000I\000M\000D\000\040\140\047\200\375\122\006\147\220}{section.5}% 35
\BOOKMARK [2][-]{subsection.5.4}{\376\377\000I\000V\000F\000-\000P\000Q\000-\000S\000I\000M\000D\000\040\140\047\200\375\122\006\147\220}{section.5}% 36
\BOOKMARK [2][-]{subsection.5.5}{\376\377\000H\000N\000S\000W\000\040\140\047\200\375\122\006\147\220}{section.5}% 37
\BOOKMARK [2][-]{subsection.5.6}{\376\377\176\374\124\010\133\371\153\324}{section.5}% 38
\BOOKMARK [1][-]{section.6}{\376\377\000P\000r\000o\000f\000i\000l\000i\000n\000g\000\040\140\047\200\375\122\006\147\220}{}% 39
\BOOKMARK [2][-]{subsection.6.1}{\376\377\155\113\213\325\163\257\130\203}{section.6}% 40
\BOOKMARK [2][-]{subsection.6.2}{\376\377\140\047\200\375\143\007\150\007\213\364\146\016}{section.6}% 41
\BOOKMARK [2][-]{subsection.6.3}{\376\377\140\047\200\375\155\113\213\325\176\323\147\234\154\107\140\073}{section.6}% 42
\BOOKMARK [2][-]{subsection.6.4}{\376\377\000F\000l\000a\000t\000-\000S\000I\000M\000D\000\040\173\227\154\325\000\040\000P\000r\000o\000f\000i\000l\000i\000n\000g\000\040\122\006\147\220}{section.6}% 43
\BOOKMARK [2][-]{subsection.6.5}{\376\377\000H\000N\000S\000W\000\040\173\227\154\325\000\040\000P\000r\000o\000f\000i\000l\000i\000n\000g\000\040\122\006\147\220}{section.6}% 44
\BOOKMARK [2][-]{subsection.6.6}{\376\377\000I\000V\000F\000-\000S\000I\000M\000D\000\040\173\227\154\325\000\040\000P\000r\000o\000f\000i\000l\000i\000n\000g\000\040\122\006\147\220}{section.6}% 45
\BOOKMARK [2][-]{subsection.6.7}{\376\377\000P\000Q\000\040\116\016\000\040\000I\000V\000F\000-\000P\000Q\000\040\173\227\154\325\000\040\000P\000r\000o\000f\000i\000l\000i\000n\000g\000\040\122\006\147\220}{section.6}% 46
\BOOKMARK [2][-]{subsection.6.8}{\376\377\176\374\124\010\000\040\000P\000r\000o\000f\000i\000l\000i\000n\000g\000\040\176\323\213\272}{section.6}% 47
\BOOKMARK [1][-]{section.7}{\376\377\000p\000t\000h\000r\000e\000a\000d\000\040\116\016\000\040\000O\000p\000e\000n\000M\000P\000\040\133\371\153\324}{}% 48
\BOOKMARK [2][-]{subsection.7.1}{\376\377\140\047\200\375\133\371\153\324}{section.7}% 49
\BOOKMARK [2][-]{subsection.7.2}{\376\377\220\002\165\050\127\072\146\157\122\006\147\220}{section.7}% 50
\BOOKMARK [1][-]{section.8}{\376\377\140\073\176\323\116\016\145\066\203\267}{}% 51
\BOOKMARK [2][-]{subsection.8.1}{\376\377\116\073\211\201\176\323\213\272}{section.8}% 52
\BOOKMARK [2][-]{subsection.8.2}{\376\377\133\236\232\214\145\066\203\267}{section.8}% 53
\BOOKMARK [2][-]{subsection.8.3}{\376\377\116\015\215\263\116\016\134\125\147\033}{section.8}% 54
\BOOKMARK [1][-]{appendix.A}{\376\377\133\236\232\214\145\160\143\156}{}% 55
\BOOKMARK [2][-]{subsection.A.1}{\376\377\133\214\145\164\133\236\232\214\145\160\143\156}{appendix.A}% 56
\BOOKMARK [2][-]{subsection.A.2}{\376\377\000G\000i\000t\000H\000u\000b\000\040\116\323\136\223}{appendix.A}% 57
