\BOOKMARK [1][-]{section.1}{\376\377\225\356\230\230\143\317\217\360}{}% 1
\BOOKMARK [1][-]{section.2}{\376\377\145\160\143\156\226\306}{}% 2
\BOOKMARK [1][-]{section.3}{\376\377\173\227\154\325\213\276\213\241}{}% 3
\BOOKMARK [2][-]{subsection.3.1}{\376\377\000M\000P\000I\000\040\000I\000V\000F\000\040}{section.3}% 4
\BOOKMARK [3][-]{subsubsection.3.1.1}{\376\377\173\227\154\325\123\237\164\006}{subsection.3.1}% 5
\BOOKMARK [3][-]{subsubsection.3.1.2}{\376\377\155\101\172\013\126\376}{subsection.3.1}% 6
\BOOKMARK [3][-]{subsubsection.3.1.3}{\376\377\117\052\116\343\170\001}{subsection.3.1}% 7
\BOOKMARK [3][-]{subsubsection.3.1.4}{\376\377\131\015\147\102\136\246\116\016\164\006\213\272\200\027\145\366\122\006\147\220}{subsection.3.1}% 8
\BOOKMARK [2][-]{subsection.3.2}{\376\377\122\006\162\107\000\040\000H\000N\000S\000W}{section.3}% 9
\BOOKMARK [3][-]{subsubsection.3.2.1}{\376\377\173\227\154\325\123\237\164\006}{subsection.3.2}% 10
\BOOKMARK [3][-]{subsubsection.3.2.2}{\376\377\121\163\225\056\145\160\143\156\176\323\147\204}{subsection.3.2}% 11
\BOOKMARK [3][-]{subsubsection.3.2.3}{\376\377\155\101\172\013\126\376}{subsection.3.2}% 12
\BOOKMARK [3][-]{subsubsection.3.2.4}{\376\377\117\052\116\343\170\001}{subsection.3.2}% 13
\BOOKMARK [3][-]{subsubsection.3.2.5}{\376\377\131\015\147\102\136\246\116\016\164\006\213\272\200\027\145\366\122\006\147\220}{subsection.3.2}% 14
\BOOKMARK [3][-]{subsubsection.3.2.6}{\376\377\135\345\172\013\211\201\160\271}{subsection.3.2}% 15
\BOOKMARK [2][-]{subsection.3.3}{\376\377\000I\000V\000F\000+\000H\000N\000S\000W}{section.3}% 16
\BOOKMARK [3][-]{subsubsection.3.3.1}{\376\377\173\227\154\325\123\237\164\006}{subsection.3.3}% 17
\BOOKMARK [3][-]{subsubsection.3.3.2}{\376\377\121\163\225\056\145\160\143\156\176\323\147\204}{subsection.3.3}% 18
\BOOKMARK [3][-]{subsubsection.3.3.3}{\376\377\155\101\172\013\126\376}{subsection.3.3}% 19
\BOOKMARK [3][-]{subsubsection.3.3.4}{\376\377\117\052\116\343\170\001}{subsection.3.3}% 20
\BOOKMARK [3][-]{subsubsection.3.3.5}{\376\377\131\015\147\102\136\246\116\016\164\006\213\272\200\027\145\366\122\006\147\220}{subsection.3.3}% 21
\BOOKMARK [3][-]{subsubsection.3.3.6}{\376\377\135\345\172\013\211\201\160\271}{subsection.3.3}% 22
\BOOKMARK [1][-]{section.4}{\376\377\220\032\117\341\152\041\137\017\213\276\213\241}{}% 23
\BOOKMARK [2][-]{subsection.4.1}{\376\377\226\073\130\136\220\032\117\341}{section.4}% 24
\BOOKMARK [2][-]{subsection.4.2}{\376\377\227\136\226\073\130\136\220\032\117\341}{section.4}% 25
\BOOKMARK [2][-]{subsection.4.3}{\376\377\123\125\217\271\220\032\117\341}{section.4}% 26
\BOOKMARK [1][-]{section.5}{\376\377\133\236\232\214\123\302\145\160\221\115\177\156}{}% 27
\BOOKMARK [2][-]{subsection.5.1}{\376\377\000M\000P\000I\000\040\000I\000V\000F}{section.5}% 28
\BOOKMARK [2][-]{subsection.5.2}{\376\377\122\006\162\107\000\040\000H\000N\000S\000W}{section.5}% 29
\BOOKMARK [2][-]{subsection.5.3}{\376\377\000I\000V\000F\000+\000H\000N\000S\000W}{section.5}% 30
\BOOKMARK [2][-]{subsection.5.4}{\376\377\155\113\213\325\167\351\226\065}{section.5}% 31
\BOOKMARK [1][-]{section.6}{\376\377\133\236\232\214\176\323\147\234\116\016\122\006\147\220}{}% 32
\BOOKMARK [2][-]{subsection.6.1}{\376\377\000M\000P\000I\000\040\000I\000V\000F\000\040\123\302\145\160\116\016\174\373\176\337\210\114\116\072\122\006\147\220}{section.6}% 33
\BOOKMARK [3][-]{subsubsection.6.1.1}{\376\377\000n\000p\000r\000o\000b\000e\000\040\116\016\000\040\000r\000e\000c\000a\000l\000l\000\040\166\204\121\163\174\373\377\010\000t\000h\000r\000e\000a\000d\000\137\000m\000o\000d\000e\000=\000o\000p\000e\000n\000m\000p\000,\000\040\000t\000h\000r\000e\000a\000d\000s\000=\0004\377\011}{subsection.6.1}% 34
\BOOKMARK [3][-]{subsubsection.6.1.2}{\376\377\176\277\172\013\152\041\137\017\116\016\136\366\217\337\377\010\000n\000l\000i\000s\000t\000=\0003\0002\000,\000\040\000n\000p\000r\000o\000b\000e\000=\0008\377\011}{subsection.6.1}% 35
\BOOKMARK [2][-]{subsection.6.2}{\376\377\220\032\117\341\145\271\137\017\116\016\155\367\124\010\136\166\210\114\122\006\147\220}{section.6}% 36
\BOOKMARK [2][-]{subsection.6.3}{\376\377\122\006\162\107\000\040\000H\000N\000S\000W\000\040\140\047\200\375\122\006\147\220}{section.6}% 37
\BOOKMARK [2][-]{subsection.6.4}{\376\377\000I\000V\000F\000+\000H\000N\000S\000W\000\040\140\047\200\375\122\006\147\220}{section.6}% 38
\BOOKMARK [2][-]{subsection.6.5}{\376\377\176\374\124\010\133\371\153\324}{section.6}% 39
\BOOKMARK [3][-]{subsubsection.6.5.1}{\376\377\000R\000e\000c\000a\000l\000l\000-\000L\000a\000t\000e\000n\000c\000y\000\040\136\025\175\057\142\130\122\115\154\277}{subsection.6.5}% 40
\BOOKMARK [3][-]{subsubsection.6.5.2}{\376\377\176\277\172\013\152\041\137\017\122\240\220\037\153\324\133\371\153\324}{subsection.6.5}% 41
\BOOKMARK [3][-]{subsubsection.6.5.3}{\376\377\173\227\154\325\136\366\217\337\221\317\176\247\133\371\153\324}{subsection.6.5}% 42
\BOOKMARK [1][-]{section.7}{\376\377\133\236\232\214\140\073\176\323}{}% 43
\BOOKMARK [1][-]{section.8}{\376\377\133\236\232\214\145\066\203\267}{}% 44
\BOOKMARK [1][-]{appendix.A}{\376\377\121\150\220\350\133\236\232\214\123\237\131\313\145\160\143\156}{}% 45
